id,first_name,last_name,email,gender,ip_address
,Gerald,Ryan,gryan2@com.com,Male,11.3.212.243
,Bonnie,Spencer,bspencer3@ameblo.jp,Female,216.32.196.175
